com.hedera.hashgraph.sdk.AccountInfoTest.fromProtobuf=[
  "AccountInfo{accountId=0.0.0, contractAccountId=, deleted=false, proxyAccountId=null, proxyReceived=0 tℏ, key=302a300506032b6570032100e0c8ec2758a5879ffac226a13c0c516b799e72e35141a0dd828f94d37988a4b7, balance=0 tℏ, sendRecordThreshold=0 tℏ, receiveRecordThreshold=0 tℏ, receiverSignatureRequired=false, expirationTime=1970-01-01T00:00:00Z, autoRenewPeriod=PT0S}"
]