com.hedera.hashgraph.sdk.AccountUpdateTransactionTest.shouldSerialize=[
  "\nsig_map {\n  sig_pair {\n    ed25519: \"}\\n\\a\\000\\2500\\242\\224\\241\\027[\\t\\224\\307\\360\\\\p\\223\\n\\'\\027m\\006\\306\\aE\\035\\t\\220\\277\\243\\216\\242\\235\\210\\211\\353\\301\\367\\001A\\b\\304\\367\\240\\345\\267h3\\005\\325\\252\\324;C\\006\\237\\371\\364\\233\\376\\347\\230\\002\"\n    pub_key_prefix: \"\\340\\310\\354\\'X\\245\\207\\237\\372\\302&\\241<\\fQky\\236r\\343QA\\240\\335\\202\\217\\224\\323y\\210\\244\\267\"\n  }\n}\n\ncrypto_update_account {\n  account_i_d_to_update {\n    account_num: 2002\n    realm_num: 0\n    shard_num: 0\n  }\n  auto_renew_period {\n    seconds: 36000\n  }\n  expiration_time {\n    seconds: 1554158543\n  }\n  key {\n    ed25519: \"\\340\\310\\354\\'X\\245\\207\\237\\372\\302&\\241<\\fQky\\236r\\343QA\\240\\335\\202\\217\\224\\323y\\210\\244\\267\"\n  }\n  proxy_account_i_d {\n    account_num: 1001\n    realm_num: 0\n    shard_num: 0\n  }\n  receive_record_threshold: 0\n  receive_record_threshold_wrapper {\n    value: 6\n  }\n  receiver_sig_required_wrapper {\n  }\n  send_record_threshold: 0\n  send_record_threshold_wrapper {\n    value: 5\n  }\n}\nnode_account_i_d {\n  account_num: 5005\n  realm_num: 0\n  shard_num: 0\n}\ntransaction_fee: 100000\ntransaction_i_d {\n  account_i_d {\n    account_num: 5006\n    realm_num: 0\n    shard_num: 0\n  }\n  transaction_valid_start {\n    seconds: 1554158542\n  }\n}\ntransaction_valid_duration {\n  seconds: 120\n}"
]