com.hedera.hashgraph.sdk.AccountIdTest.fromBytes=[
  "0.0.5005"
]


com.hedera.hashgraph.sdk.AccountIdTest.fromSolidityAddress=[
  "0.0.5005"
]


com.hedera.hashgraph.sdk.AccountIdTest.fromSolidityAddressWith0x=[
  "0.0.5005"
]


com.hedera.hashgraph.sdk.AccountIdTest.fromString=[
  "0.0.5005"
]


com.hedera.hashgraph.sdk.AccountIdTest.toBytes=[
  "188d27"
]


com.hedera.hashgraph.sdk.AccountIdTest.toSolidityAddress=[
  "000000000000000000000000000000000000138d"
]