com.hedera.hashgraph.sdk.ContractRecordsQueryTest.shouldSerialize=[
  "\ncontract_get_records {\n  contract_i_d {\n    contract_num: 5005\n    realm_num: 0\n    shard_num: 0\n  }\n  header {\n  }\n}"
]