com.hedera.hashgraph.sdk.ContractDeleteTransactionTest.shouldSerialize=[
  "# com.hedera.hashgraph.sdk.proto.Transaction@b644a19d\nsig_map {\n  sig_pair {\n    ed25519: \"\\264\\273F\\337\\363\\253{\\2562\\331\\364\\236\\251\\266\\373\\2667\\017\\n\\246\\177a\\373\\377>\\345\\tt0\\217\\376|_\\262\\\\\\354\\212rcV|\\235^\\354\\305-]4,\\224v\\0176\\207g\\240\\326\\375\\305gs\\213\\322\\f\"\n    pub_key_prefix: \"\\340\\310\\354\\'X\\245\\207\\237\\372\\302&\\241<\\fQky\\236r\\343QA\\240\\335\\202\\217\\224\\323y\\210\\244\\267\"\n  }\n}\n# com.hedera.hashgraph.sdk.proto.TransactionBody@43b29514\ncontract_delete_instance {\n  contract_i_d {\n    contract_num: 5007\n    realm_num: 0\n    shard_num: 0\n  }\n  transfer_contract_i_d {\n    contract_num: 5008\n    realm_num: 0\n    shard_num: 0\n  }\n}\nnode_account_i_d {\n  account_num: 5005\n  realm_num: 0\n  shard_num: 0\n}\ntransaction_fee: 100000\ntransaction_i_d {\n  account_i_d {\n    account_num: 5006\n    realm_num: 0\n    shard_num: 0\n  }\n  transaction_valid_start {\n    seconds: 1554158542\n  }\n}\ntransaction_valid_duration {\n  seconds: 120\n}"
]