com.hedera.hashgraph.sdk.ContractCreateTransactionTest.shouldSerialize=[
  "# com.hedera.hashgraph.sdk.proto.Transaction@410009e0\nsig_map {\n  sig_pair {\n    ed25519: \"\\247\\v\\251-\\331\\353\\307\\006\\255\\201\\200\\237\\025\\272\\000\\3658\\257Km\\210\\242G0\\236Ka!~\\353@L\\204\\023\\f\\226O38bB\\252\\316\\204\\246\\303\\323\\t\\271\\300\\227\\347\\260-\\320E\\360\\fN\\324\\020\\362l\\006\"\n    pub_key_prefix: \"\\340\\310\\354\\'X\\245\\207\\237\\372\\302&\\241<\\fQky\\236r\\343QA\\240\\335\\202\\217\\224\\323y\\210\\244\\267\"\n  }\n}\n# com.hedera.hashgraph.sdk.proto.TransactionBody@afac3f2\ncontract_create_instance {\n  admin_key {\n    ed25519: \"\\340\\310\\354\\'X\\245\\207\\237\\372\\302&\\241<\\fQky\\236r\\343QA\\240\\335\\202\\217\\224\\323y\\210\\244\\267\"\n  }\n  auto_renew_period {\n    seconds: 36000\n  }\n  constructor_parameters: \"\\n\\v\\f\\r\\031\"\n  file_i_d {\n    file_num: 3003\n    realm_num: 0\n    shard_num: 0\n  }\n  gas: 0\n  initial_balance: 1000\n  proxy_account_i_d {\n    account_num: 1001\n    realm_num: 0\n    shard_num: 0\n  }\n}\nnode_account_i_d {\n  account_num: 5005\n  realm_num: 0\n  shard_num: 0\n}\ntransaction_fee: 100000\ntransaction_i_d {\n  account_i_d {\n    account_num: 5006\n    realm_num: 0\n    shard_num: 0\n  }\n  transaction_valid_start {\n    seconds: 1554158542\n  }\n}\ntransaction_valid_duration {\n  seconds: 120\n}"
]