com.hedera.hashgraph.sdk.CryptoTransferTransactionTest.shouldSerialize=[
  "# com.hedera.hashgraph.sdk.proto.Transaction@f66a8e2d\nsig_map {\n  sig_pair {\n    ed25519: \"\\004B\\\\\\023\\220\\267F\\211\\270\\0165P\\357\\325\\037)W\\b\\340\\336S\\324\\237\\266\\323\\223\\\\\\177\\a\\rL\\305M\\001\\001M\\v\\353\\207\\275\\220Z\\365\\371\\307\\365\\337\\227\\036\\346N\\256i\\325?\\005\\217M\\221\\020\\030\\032>\\f\"\n    pub_key_prefix: \"\\340\\310\\354\\'X\\245\\207\\237\\372\\302&\\241<\\fQky\\236r\\343QA\\240\\335\\202\\217\\224\\323y\\210\\244\\267\"\n  }\n}\n# com.hedera.hashgraph.sdk.proto.TransactionBody@bb0764f9\ncrypto_transfer {\n  transfers {\n    account_amounts {\n      account_i_d {\n        account_num: 5006\n        realm_num: 0\n        shard_num: 0\n      }\n      amount: -800\n    }\n    account_amounts {\n      account_i_d {\n        account_num: 5007\n        realm_num: 0\n        shard_num: 0\n      }\n      amount: 400\n    }\n    account_amounts {\n      account_i_d {\n        account_num: 5008\n        realm_num: 0\n        shard_num: 0\n      }\n      amount: 400\n    }\n  }\n}\nnode_account_i_d {\n  account_num: 5005\n  realm_num: 0\n  shard_num: 0\n}\ntransaction_fee: 100000\ntransaction_i_d {\n  account_i_d {\n    account_num: 5006\n    realm_num: 0\n    shard_num: 0\n  }\n  transaction_valid_start {\n    seconds: 1554158542\n  }\n}\ntransaction_valid_duration {\n  seconds: 120\n}"
]