com.hedera.hashgraph.sdk.FileCreateTransactionTest.shouldSerialize=[
  "# com.hedera.hashgraph.sdk.proto.Transaction@82a59e61\nsig_map {\n  sig_pair {\n    ed25519: \"\\262O\\037\\241\\262\\321\\377OP\\\"\\204Y\\224\\253\\225\\316\\b\\247\\232\\026\\236<\\033\\366Tt\\037\\326\\316\\322M\\376\\025\\210U\\372\\032\\345$]\\264\\333\\373m\\233\\346X\\310j\\034\\270\\a\\262\\036\\317?\\350\\322\\272t-i6\\017\"\n    pub_key_prefix: \"\\340\\310\\354\\'X\\245\\207\\237\\372\\302&\\241<\\fQky\\236r\\343QA\\240\\335\\202\\217\\224\\323y\\210\\244\\267\"\n  }\n}\n# com.hedera.hashgraph.sdk.proto.TransactionBody@f323e6fa\nfile_create {\n  contents: \"\\001\\002\\003\\004\"\n  expiration_time {\n    seconds: 1554158728\n  }\n  keys {\n    keys {\n      ed25519: \"\\340\\310\\354\\'X\\245\\207\\237\\372\\302&\\241<\\fQky\\236r\\343QA\\240\\335\\202\\217\\224\\323y\\210\\244\\267\"\n    }\n  }\n}\nnode_account_i_d {\n  account_num: 5005\n  realm_num: 0\n  shard_num: 0\n}\ntransaction_fee: 100000\ntransaction_i_d {\n  account_i_d {\n    account_num: 5006\n    realm_num: 0\n    shard_num: 0\n  }\n  transaction_valid_start {\n    seconds: 1554158542\n  }\n}\ntransaction_valid_duration {\n  seconds: 120\n}"
]