com.hedera.hashgraph.sdk.FileUpdateTransactionTest.shouldSerialize=[
  "\nsig_map {\n  sig_pair {\n    ed25519: \"qUW\\367\\225\\303\\250~\\251\\\\f\\354Q\\335\\204\\261A\\367\\321\\272\\244\\361e\\235,)\\3778\\343\\345\\254\\224\\310\\356\\216\\217z\\311i@Q\\017\\202E\\317M\\303\\023ng`\\353\\360\\216\\035\\331^c\\217\\262lyP\\001\"\n    pub_key_prefix: \"\\340\\310\\354\\'X\\245\\207\\237\\372\\302&\\241<\\fQky\\236r\\343QA\\240\\335\\202\\217\\224\\323y\\210\\244\\267\"\n  }\n}\n\nfile_update {\n  contents: \"\\001\\002\\003\\004\\005\"\n  expiration_time {\n    seconds: 1554158728\n  }\n  file_i_d {\n    file_num: 6006\n    realm_num: 0\n    shard_num: 0\n  }\n  keys {\n    keys {\n      ed25519: \"\\340\\310\\354\\'X\\245\\207\\237\\372\\302&\\241<\\fQky\\236r\\343QA\\240\\335\\202\\217\\224\\323y\\210\\244\\267\"\n    }\n  }\n}\nnode_account_i_d {\n  account_num: 5005\n  realm_num: 0\n  shard_num: 0\n}\ntransaction_fee: 100000\ntransaction_i_d {\n  account_i_d {\n    account_num: 5006\n    realm_num: 0\n    shard_num: 0\n  }\n  transaction_valid_start {\n    seconds: 1554158542\n  }\n}\ntransaction_valid_duration {\n  seconds: 120\n}"
]