com.hedera.hashgraph.sdk.FreezeTransactionTest.shouldSerialize=[
  "# com.hedera.hashgraph.sdk.proto.Transaction@ebb49030\nsig_map {\n  sig_pair {\n    ed25519: \"]\\vo\\016\\252\\374\\226\\212\\320=F\\360\\364\\0321\\323\\260I\\272u\\037\\310])\\006\\232HO\\355z\\002\\246\\356Z\\\\h\\305\\a\\023k<\\315f\\302\\252\\366\\332(\\322\\301\\206\\v\\343\\323\\2157\\203\\220F~cp\\247\\n\"\n    pub_key_prefix: \"\\340\\310\\354\\'X\\245\\207\\237\\372\\302&\\241<\\fQky\\236r\\343QA\\240\\335\\202\\217\\224\\323y\\210\\244\\267\"\n  }\n}\n# com.hedera.hashgraph.sdk.proto.TransactionBody@fcd4bb59\nfreeze {\n  end_hour: 23\n  end_min: 59\n}\nnode_account_i_d {\n  account_num: 5005\n  realm_num: 0\n  shard_num: 0\n}\ntransaction_fee: 100000\ntransaction_i_d {\n  account_i_d {\n    account_num: 5006\n    realm_num: 0\n    shard_num: 0\n  }\n  transaction_valid_start {\n    seconds: 1554158542\n  }\n}\ntransaction_valid_duration {\n  seconds: 120\n}"
]