com.hedera.hashgraph.sdk.MessageSubmitTransactionTest.shouldSerialize=[
  "# com.hedera.hashgraph.sdk.proto.Transaction@a63c0a36\nsig_map {\n  sig_pair {\n    ed25519: \"\\276\\347\\355\\366\\312\\217\\252\\363\\350\\201T\\0169\\306{@\\357\\030\\322\\354B\\253\\2157j\\3426fO^\\244\\355_\\255\\021f*\\v\\317\\bw\\036\\360\\243R\\nf`\\t\\246rC\\323\\311\\241tzx%\\251\\211)[\\001\"\n    pub_key_prefix: \"\\340\\310\\354\\'X\\245\\207\\237\\372\\302&\\241<\\fQky\\236r\\343QA\\240\\335\\202\\217\\224\\323y\\210\\244\\267\"\n  }\n}\n# com.hedera.hashgraph.sdk.proto.TransactionBody@3be14452\nconsensus_submit_message {\n  message: \"hello\"\n  topic_i_d {\n    realm_num: 0\n    shard_num: 0\n    topic_num: 5007\n  }\n}\nnode_account_i_d {\n  account_num: 5005\n  realm_num: 0\n  shard_num: 0\n}\ntransaction_fee: 100000\ntransaction_i_d {\n  account_i_d {\n    account_num: 5006\n    realm_num: 0\n    shard_num: 0\n  }\n  transaction_valid_start {\n    seconds: 1554158542\n  }\n}\ntransaction_valid_duration {\n  seconds: 120\n}"
]