com.hedera.hashgraph.sdk.TopicDeleteTransactionTest.shouldSerialize=[
  "\nsig_map {\n  sig_pair {\n    ed25519: \"\\347\\270\\t\\222-\\327L\\237\\243\\004\\345\\314\\306k\\326\\250\\217\\321\\227=\\240\\217}=&\\317S\\001F\\361\\345\\226i\\036\\3431\\274\\030~\\312\\370\\224\\323\\256l\\t\\267\\2519\\332\\356Y\\346\\325\\321\\263\\020f\\f \\033\\205\\352\\003\"\n    pub_key_prefix: \"\\340\\310\\354\\'X\\245\\207\\237\\372\\302&\\241<\\fQky\\236r\\343QA\\240\\335\\202\\217\\224\\323y\\210\\244\\267\"\n  }\n}\n\nconsensus_delete_topic {\n  topic_i_d {\n    realm_num: 0\n    shard_num: 0\n    topic_num: 5007\n  }\n}\nnode_account_i_d {\n  account_num: 5005\n  realm_num: 0\n  shard_num: 0\n}\ntransaction_fee: 100000\ntransaction_i_d {\n  account_i_d {\n    account_num: 5006\n    realm_num: 0\n    shard_num: 0\n  }\n  transaction_valid_start {\n    seconds: 1554158542\n  }\n}\ntransaction_valid_duration {\n  seconds: 120\n}"
]