com.hedera.hashgraph.sdk.TopicCreateTransactionTest.shouldSerialize=[
  "\nsig_map {\n  sig_pair {\n    ed25519: \"Rm\\004{\\265\\321\\0059\\317\\323d\\263z\\322\\345/\\322\\\"\\003&\\b\\354\\366\\360*2\\350\\267g\\005#\\203\\250\\332\\372\\376\\206\\254\\fl3\\237)W\\274i\\026\\353\\267P\\324\\337\\350r\\221\\340\\026\\336\\267\\251\\035Z+\\002\"\n    pub_key_prefix: \"\\340\\310\\354\\'X\\245\\207\\237\\372\\302&\\241<\\fQky\\236r\\343QA\\240\\335\\202\\217\\224\\323y\\210\\244\\267\"\n  }\n}\n\nconsensus_create_topic {\n  admin_key {\n    ed25519: \"\\340\\310\\354\\'X\\245\\207\\237\\372\\302&\\241<\\fQky\\236r\\343QA\\240\\335\\202\\217\\224\\323y\\210\\244\\267\"\n  }\n  auto_renew_account {\n    account_num: 5007\n    realm_num: 0\n    shard_num: 0\n  }\n  auto_renew_period {\n    seconds: 86400\n  }\n  submit_key {\n    ed25519: \"\\340\\310\\354\\'X\\245\\207\\237\\372\\302&\\241<\\fQky\\236r\\343QA\\240\\335\\202\\217\\224\\323y\\210\\244\\267\"\n  }\n}\nnode_account_i_d {\n  account_num: 5005\n  realm_num: 0\n  shard_num: 0\n}\ntransaction_fee: 100000\ntransaction_i_d {\n  account_i_d {\n    account_num: 5006\n    realm_num: 0\n    shard_num: 0\n  }\n  transaction_valid_start {\n    seconds: 1554158542\n  }\n}\ntransaction_valid_duration {\n  seconds: 120\n}"
]