com.hedera.hashgraph.sdk.TopicUpdateTransactionTest.clearShouldSerialize=[
  "# com.hedera.hashgraph.sdk.proto.Transaction@4df4df04\nsig_map {\n  sig_pair {\n    ed25519: \"\\322)*\\324_\\351\\365\\301\\272\\032{=?y\\025yV3x\\367\\031\\334\\200\\2273\\344U\\334\\243\\253\\221=\\326\\244\\334\\230\\226!\\353\\0272P:\\212\\037\\202`8z\\200>\\242\\312G\\300\\237\\276\\252\\002,\\002E[\\001\"\n    pub_key_prefix: \"\\340\\310\\354\\'X\\245\\207\\237\\372\\302&\\241<\\fQky\\236r\\343QA\\240\\335\\202\\217\\224\\323y\\210\\244\\267\"\n  }\n}\n# com.hedera.hashgraph.sdk.proto.TransactionBody@4bd685af\nconsensus_update_topic {\n  admin_key {\n    key_list {\n    }\n  }\n  auto_renew_account {\n    account_num: 0\n    realm_num: 0\n    shard_num: 0\n  }\n  memo {\n  }\n  submit_key {\n    key_list {\n    }\n  }\n  topic_i_d {\n    realm_num: 0\n    shard_num: 0\n    topic_num: 5007\n  }\n}\nnode_account_i_d {\n  account_num: 5005\n  realm_num: 0\n  shard_num: 0\n}\ntransaction_fee: 100000000\ntransaction_i_d {\n  account_i_d {\n    account_num: 5006\n    realm_num: 0\n    shard_num: 0\n  }\n  transaction_valid_start {\n    seconds: 1554158542\n  }\n}\ntransaction_valid_duration {\n  seconds: 120\n}"
]


com.hedera.hashgraph.sdk.TopicUpdateTransactionTest.setShouldSerialize=[
  "# com.hedera.hashgraph.sdk.proto.Transaction@d685a672\nsig_map {\n  sig_pair {\n    ed25519: \"\\036=p{\\254\\207x\\037HB\\331\\371\\361\\003\\371\\243\\303\\311\\270\\3640W\\034\\207j\\\"\\255\\020\\252\\222d\\025\\242\\301\\370\\'e\\316T\\037\\204#\\353\\222\\236\\223\\225WW\\006\\326\\003i\\210.\\202\\236\\036\\2345\\b$\\236\\016\"\n    pub_key_prefix: \"\\340\\310\\354\\'X\\245\\207\\237\\372\\302&\\241<\\fQky\\236r\\343QA\\240\\335\\202\\217\\224\\323y\\210\\244\\267\"\n  }\n}\n# com.hedera.hashgraph.sdk.proto.TransactionBody@fc2e4cc8\nconsensus_update_topic {\n  admin_key {\n    ed25519: \"\\340\\310\\354\\'X\\245\\207\\237\\372\\302&\\241<\\fQky\\236r\\343QA\\240\\335\\202\\217\\224\\323y\\210\\244\\267\"\n  }\n  auto_renew_account {\n    account_num: 5009\n    realm_num: 0\n    shard_num: 0\n  }\n  auto_renew_period {\n    seconds: 86400\n  }\n  submit_key {\n    ed25519: \"\\340\\310\\354\\'X\\245\\207\\237\\372\\302&\\241<\\fQky\\236r\\343QA\\240\\335\\202\\217\\224\\323y\\210\\244\\267\"\n  }\n  topic_i_d {\n    realm_num: 0\n    shard_num: 0\n    topic_num: 5007\n  }\n}\nnode_account_i_d {\n  account_num: 5005\n  realm_num: 0\n  shard_num: 0\n}\ntransaction_fee: 100000000\ntransaction_i_d {\n  account_i_d {\n    account_num: 5006\n    realm_num: 0\n    shard_num: 0\n  }\n  transaction_valid_start {\n    seconds: 1554158542\n  }\n}\ntransaction_valid_duration {\n  seconds: 120\n}"
]